12:40:42 **** Incremental Build of configuration Debug for project uDAQ20_STM32F446RET6 ****
make -j4 all 
arm-none-eabi-gcc "../Core/Src/ApplicationLayer.c" -mcpu=cortex-m4 -std=gnu11 -g3 -DDEBUG -DUSE_HAL_DRIVER -DSTM32F446xx -c -I../Core/Inc -I../Drivers/STM32F4xx_HAL_Driver/Inc -I../Drivers/STM32F4xx_HAL_Driver/Inc/Legacy -I../Drivers/CMSIS/Device/ST/STM32F4xx/Include -I../Drivers/CMSIS/Include -I../USB_DEVICE/App -I../USB_DEVICE/Target -I../Middlewares/ST/STM32_USB_Device_Library/Core/Inc -I../Middlewares/ST/STM32_USB_Device_Library/Class/CDC/Inc -O0 -ffunction-sections -fdata-sections -Wall -fstack-usage -fcyclomatic-complexity -MMD -MP -MF"Core/Src/ApplicationLayer.d" -MT"Core/Src/ApplicationLayer.o" --specs=nano.specs -mfpu=fpv4-sp-d16 -mfloat-abi=hard -mthumb -o "Core/Src/ApplicationLayer.o"
arm-none-eabi-gcc "../Core/Src/Drv_AD7616.c" -mcpu=cortex-m4 -std=gnu11 -g3 -DDEBUG -DUSE_HAL_DRIVER -DSTM32F446xx -c -I../Core/Inc -I../Drivers/STM32F4xx_HAL_Driver/Inc -I../Drivers/STM32F4xx_HAL_Driver/Inc/Legacy -I../Drivers/CMSIS/Device/ST/STM32F4xx/Include -I../Drivers/CMSIS/Include -I../USB_DEVICE/App -I../USB_DEVICE/Target -I../Middlewares/ST/STM32_USB_Device_Library/Core/Inc -I../Middlewares/ST/STM32_USB_Device_Library/Class/CDC/Inc -O0 -ffunction-sections -fdata-sections -Wall -fstack-usage -fcyclomatic-complexity -MMD -MP -MF"Core/Src/Drv_AD7616.d" -MT"Core/Src/Drv_AD7616.o" --specs=nano.specs -mfpu=fpv4-sp-d16 -mfloat-abi=hard -mthumb -o "Core/Src/Drv_AD7616.o"
arm-none-eabi-gcc "../Core/Src/main.c" -mcpu=cortex-m4 -std=gnu11 -g3 -DDEBUG -DUSE_HAL_DRIVER -DSTM32F446xx -c -I../Core/Inc -I../Drivers/STM32F4xx_HAL_Driver/Inc -I../Drivers/STM32F4xx_HAL_Driver/Inc/Legacy -I../Drivers/CMSIS/Device/ST/STM32F4xx/Include -I../Drivers/CMSIS/Include -I../USB_DEVICE/App -I../USB_DEVICE/Target -I../Middlewares/ST/STM32_USB_Device_Library/Core/Inc -I../Middlewares/ST/STM32_USB_Device_Library/Class/CDC/Inc -O0 -ffunction-sections -fdata-sections -Wall -fstack-usage -fcyclomatic-complexity -MMD -MP -MF"Core/Src/main.d" -MT"Core/Src/main.o" --specs=nano.specs -mfpu=fpv4-sp-d16 -mfloat-abi=hard -mthumb -o "Core/Src/main.o"
arm-none-eabi-gcc "../Core/Src/stm32f4xx_it.c" -mcpu=cortex-m4 -std=gnu11 -g3 -DDEBUG -DUSE_HAL_DRIVER -DSTM32F446xx -c -I../Core/Inc -I../Drivers/STM32F4xx_HAL_Driver/Inc -I../Drivers/STM32F4xx_HAL_Driver/Inc/Legacy -I../Drivers/CMSIS/Device/ST/STM32F4xx/Include -I../Drivers/CMSIS/Include -I../USB_DEVICE/App -I../USB_DEVICE/Target -I../Middlewares/ST/STM32_USB_Device_Library/Core/Inc -I../Middlewares/ST/STM32_USB_Device_Library/Class/CDC/Inc -O0 -ffunction-sections -fdata-sections -Wall -fstack-usage -fcyclomatic-complexity -MMD -MP -MF"Core/Src/stm32f4xx_it.d" -MT"Core/Src/stm32f4xx_it.o" --specs=nano.specs -mfpu=fpv4-sp-d16 -mfloat-abi=hard -mthumb -o "Core/Src/stm32f4xx_it.o"
../Core/Src/ApplicationLayer.c: In function 'ApplicationLayer_Exe':
../Core/Src/ApplicationLayer.c:64:78: warning: pointer targets in passing argument 2 of 'Appl_DAC816416WriteDacRegister_StreamingMode' differ in signedness [-Wpointer-sign]
   64 |                 Appl_DAC816416WriteDacRegister_StreamingMode(DAC_CHANNEL_0 , u16arrBuff , 16);
      |                                                                              ^~~~~~~~~~
      |                                                                              |
      |                                                                              int16_t * {aka short int *}
In file included from ../Core/Src/ApplicationLayer.c:13:
../Core/Src/DRV_DAC81416.h:417:89: note: expected 'uint16_t *' {aka 'short unsigned int *'} but argument is of type 'int16_t *' {aka 'short int *'}
  417 | void Appl_DAC816416WriteDacRegister_StreamingMode(DAC81416_DAC_CHANNEL m_Ch , uint16_t *pu16Data , uint8_t u8ChannelCnt);
      |                                                                               ~~~~~~~~~~^~~~~~~~
arm-none-eabi-gcc -o "uDAQ20_STM32F446RET6.elf" @"objects.list"   -mcpu=cortex-m4 -T"D:\projects\Nevatek\uDAQ20_STM32F46RET6\CODE\uDAQ20_STM32F446RET6\STM32F446RETX_FLASH.ld" --specs=nosys.specs -Wl,-Map="uDAQ20_STM32F446RET6.map" -Wl,--gc-sections -static --specs=nano.specs -mfpu=fpv4-sp-d16 -mfloat-abi=hard -mthumb -Wl,--start-group -lc -lm -Wl,--end-group
Finished building target: uDAQ20_STM32F446RET6.elf
 
arm-none-eabi-size  uDAQ20_STM32F446RET6.elf 
arm-none-eabi-objdump -h -S uDAQ20_STM32F446RET6.elf  > "uDAQ20_STM32F446RET6.list"
   text	   data	    bss	    dec	    hex	filename
  54176	    352	   9312	  63840	   f960	uDAQ20_STM32F446RET6.elf
Finished building: default.size.stdout
 
Finished building: uDAQ20_STM32F446RET6.list
 

12:40:44 Build Finished. 0 errors, 1 warnings. (took 1s.803ms)

